// Jest Snapshot v1, https://goo.gl/fbAQLP

exports[`App snapshot will succeed should render a snapshot of the store with mock date 1`] = `
<body>
  <div>
    <div>
      <div
        class="App"
      >
        <header
          class="App-header"
        >
          <img
            alt="logo"
            class="App-logo"
            src="logo.svg"
          />
          <p>
            The Finfare T Shirt Online Store
          </p>
        </header>
        <div
          class="product"
        >
          <h3>
            Mens Shirt
          </h3>
          <p>
            A hefty manly man's shirt
          </p>
          <button
            type="button"
          >
            Add to Cart
          </button>
        </div>
        <div
          class="product"
        >
          <h3>
            Womens Shirt
          </h3>
          <p>
            A hefty womanly woman's shirt
          </p>
          <button
            type="button"
          >
            Add to Cart
          </button>
        </div>
        <section>
          <hr />
          <h2>
            Shopping cart 
            ___ mock timestamp ___
          </h2>
          <ul />
        </section>
      </div>
    </div>
  </div>
</body>
`;
